// Jest Snapshot v1, https://goo.gl/fbAQLP

exports[`Should retrieve all the valid openAPI files and load them as JSON in the petstore folder 1`] = `
Object {
  "content": Any<Object>,
  "path": Any<String>,
}
`;

exports[`Should retrieve all the valid openAPI files and load them as JSON in the petstore folder 2`] = `
Object {
  "components": Object {
    "schemas": Object {
      "Error": Object {
        "properties": Object {
          "code": Object {
            "format": "int32",
            "type": "integer",
          },
          "message": Object {
            "type": "string",
          },
        },
        "required": Array [
          "code",
          "message",
        ],
        "type": "object",
      },
      "Pet": Object {
        "properties": Object {
          "id": Object {
            "format": "int64",
            "type": "integer",
          },
          "name": Object {
            "type": "string",
          },
          "tag": Object {
            "type": "string",
          },
        },
        "required": Array [
          "id",
          "name",
        ],
        "type": "object",
      },
      "Pets": Object {
        "items": Object {
          "$ref": "#/components/schemas/Pet",
        },
        "type": "array",
      },
      "SchemaNotBeingUsed": Object {
        "properties": Object {
          "key": Object {
            "type": "string",
          },
          "value": Object {
            "type": "string",
          },
        },
        "type": "object",
      },
    },
  },
  "info": Any<Object>,
  "openapi": Any<String>,
  "paths": Any<Object>,
  "servers": Array [
    Object {
      "url": "http://petstore.swagger.io/v1",
    },
  ],
}
`;

exports[`Should retrieve all the valid openAPI files and load them as JSON in the social-network folder 1`] = `
Object {
  "content": Any<Object>,
  "path": Any<String>,
}
`;

exports[`Should retrieve all the valid openAPI files and load them as JSON in the social-network folder 2`] = `
Object {
  "info": Any<Object>,
  "openapi": Any<String>,
  "paths": Any<Object>,
}
`;

exports[`Should retrieve all the valid openAPI files and load them as JSON in the social-network folder 3`] = `
Object {
  "content": Any<Object>,
  "path": Any<String>,
}
`;

exports[`Should retrieve all the valid openAPI files and load them as JSON in the social-network folder 4`] = `
Object {
  "components": Object {
    "schemas": Object {
      "Email": Object {
        "format": "email",
        "type": "string",
      },
      "Name": Object {
        "type": "string",
      },
      "Post": Object {
        "properties": Object {
          "author": Object {
            "$ref": "#/components/schemas/User",
          },
          "content": Object {
            "type": "string",
          },
          "date": Object {
            "type": "string",
          },
        },
        "required": Array [
          "author",
          "date",
          "content",
        ],
        "type": "object",
      },
      "User": Object {
        "properties": Object {
          "email": Object {
            "$ref": "#/components/schemas/Email",
          },
          "name": Object {
            "$ref": "#/components/schemas/Name",
          },
          "username": Object {
            "$ref": "#/components/schemas/Username",
          },
        },
        "required": Array [
          "username",
          "name",
          "email",
        ],
        "type": "object",
      },
      "Username": Object {
        "type": "string",
      },
    },
  },
  "info": Any<Object>,
  "openapi": Any<String>,
  "paths": Any<Object>,
}
`;

exports[`Should retrieve all the valid openAPI files and load them as JSON in the social-network folder 5`] = `
Object {
  "content": Any<Object>,
  "path": Any<String>,
}
`;

exports[`Should retrieve all the valid openAPI files and load them as JSON in the social-network folder 6`] = `
Object {
  "info": Any<Object>,
  "openapi": Any<String>,
  "paths": Any<Object>,
}
`;
